[31;1mInvoke-Step: [0mC:\Users\Maitray\Desktop\448Plumbing\448 Plumbing website\optimize-and-build.ps1:42:5[0m
[31;1m[0m[36;1mLine |[0m
[31;1m[0m[36;1m[36;1m  42 | [0m     [36;1mInvoke-Step "SEO enhancement" { & $seoScript -Root $Root -BaseUrl[0m .[0m
[31;1m[0m[36;1m[36;1m[0m[36;1m[0m[36;1m     | [31;1m     ~~~~~~~~~~~~~~~~~~~~~~~~~~~~~~~~~~~~~~~~~~~~~~~~~~~~~~~~~~~~~~~~~[0m
[31;1m[0m[36;1m[36;1m[0m[36;1m[0m[36;1m[31;1m[31;1m[36;1m     | [31;1mStep 'SEO enhancement' failed: At C:\Users\Maitray\Desktop\448Plumbing\448 Plumbing[0m
[31;1m[0m[36;1m[36;1m[0m[36;1m[0m[36;1m[31;1m[31;1m[36;1m[31;1m[36;1m     | [31;1mwebsite\seo-enhance.ps1:55 char:44 + .  ($html -match[0m
[31;1m[0m[36;1m[36;1m[0m[36;1m[0m[36;1m[31;1m[31;1m[36;1m[31;1m[36;1m[31;1m[36;1m     | [31;1m"<meta[^>]+name=\"description\"[^>]*content=\"(.*?)\"[ . +                          [0m
[31;1m[0m[36;1m[36;1m[0m[36;1m[0m[36;1m[31;1m[31;1m[36;1m[31;1m[36;1m[31;1m[36;1m[31;1m[36;1m     | [31;1m~~~~~~~~~~~~~~~~~~~~~~~~~~~~ Unexpected token 'description\"[^>]*content=\"' in[0m
[31;1m[0m[36;1m[36;1m[0m[36;1m[0m[36;1m[31;1m[31;1m[36;1m[31;1m[36;1m[31;1m[36;1m[31;1m[36;1m[31;1m[36;1m     | [31;1mexpression or statement.  At C:\Users\Maitray\Desktop\448Plumbing\448 Plumbing[0m
[31;1m[0m[36;1m[36;1m[0m[36;1m[0m[36;1m[31;1m[31;1m[36;1m[31;1m[36;1m[31;1m[36;1m[31;1m[36;1m[31;1m[36;1m[31;1m[36;1m     | [31;1mwebsite\seo-enhance.ps1:55 char:44 + .  ($html -match[0m
[31;1m[0m[36;1m[36;1m[0m[36;1m[0m[36;1m[31;1m[31;1m[36;1m[31;1m[36;1m[31;1m[36;1m[31;1m[36;1m[31;1m[36;1m[31;1m[36;1m[31;1m[36;1m     | [31;1m"<meta[^>]+name=\"description\"[^>]*content=\"(.*?)\"[ . +                          [0m
[31;1m[0m[36;1m[36;1m[0m[36;1m[0m[36;1m[31;1m[31;1m[36;1m[31;1m[36;1m[31;1m[36;1m[31;1m[36;1m[31;1m[36;1m[31;1m[36;1m[31;1m[36;1m[31;1m[36;1m     | [31;1m~~~~~~~~~~~~~~~~~~~~~~~~~~~~ Missing closing ')' after expression in 'if' statement.[0m
[31;1m[0m[36;1m[36;1m[0m[36;1m[0m[36;1m[31;1m[31;1m[36;1m[31;1m[36;1m[31;1m[36;1m[31;1m[36;1m[31;1m[36;1m[31;1m[36;1m[31;1m[36;1m[31;1m[36;1m[31;1m[36;1m     | [31;1mAt C:\Users\Maitray\Desktop\448Plumbing\448 Plumbing website\seo-enhance.ps1:89[0m
[31;1m[0m[36;1m[36;1m[0m[36;1m[0m[36;1m[31;1m[31;1m[36;1m[31;1m[36;1m[31;1m[36;1m[31;1m[36;1m[31;1m[36;1m[31;1m[36;1m[31;1m[36;1m[31;1m[36;1m[31;1m[36;1m[31;1m[36;1m     | [31;1mchar:39 + Write-Log "SEO summarization complete." +                                 [0m
[31;1m[0m[36;1m[36;1m[0m[36;1m[0m[36;1m[31;1m[31;1m[36;1m[31;1m[36;1m[31;1m[36;1m[31;1m[36;1m[31;1m[36;1m[31;1m[36;1m[31;1m[36;1m[31;1m[36;1m[31;1m[36;1m[31;1m[36;1m[31;1m[36;1m     | [31;1m~ The string is missing the terminator: ".  At[0m
[31;1m[0m[36;1m[36;1m[0m[36;1m[0m[36;1m[31;1m[31;1m[36;1m[31;1m[36;1m[31;1m[36;1m[31;1m[36;1m[31;1m[36;1m[31;1m[36;1m[31;1m[36;1m[31;1m[36;1m[31;1m[36;1m[31;1m[36;1m[31;1m[36;1m[31;1m[36;1m     | [31;1mC:\Users\Maitray\Desktop\448Plumbing\448 Plumbing website\seo-enhance.ps1:50 char:9[0m
[31;1m[0m[36;1m[36;1m[0m[36;1m[0m[36;1m[31;1m[31;1m[36;1m[31;1m[36;1m[31;1m[36;1m[31;1m[36;1m[31;1m[36;1m[31;1m[36;1m[31;1m[36;1m[31;1m[36;1m[31;1m[36;1m[31;1m[36;1m[31;1m[36;1m[31;1m[36;1m[31;1m[36;1m     | [31;1m+     try { +         ~ Missing closing '}' in statement block or type definition. [0m
[31;1m[0m[36;1m[36;1m[0m[36;1m[0m[36;1m[31;1m[31;1m[36;1m[31;1m[36;1m[31;1m[36;1m[31;1m[36;1m[31;1m[36;1m[31;1m[36;1m[31;1m[36;1m[31;1m[36;1m[31;1m[36;1m[31;1m[36;1m[31;1m[36;1m[31;1m[36;1m[31;1m[36;1m[31;1m[36;1m     | [31;1mAt C:\Users\Maitray\Desktop\448Plumbing\448 Plumbing website\seo-enhance.ps1:89[0m
[31;1m[0m[36;1m[36;1m[0m[36;1m[0m[36;1m[31;1m[31;1m[36;1m[31;1m[36;1m[31;1m[36;1m[31;1m[36;1m[31;1m[36;1m[31;1m[36;1m[31;1m[36;1m[31;1m[36;1m[31;1m[36;1m[31;1m[36;1m[31;1m[36;1m[31;1m[36;1m[31;1m[36;1m[31;1m[36;1m[31;1m[36;1m     | [31;1mchar:40 + Write-Log "SEO summarization complete." +                                 [0m
[31;1m[0m[36;1m[36;1m[0m[36;1m[0m[36;1m[31;1m[31;1m[36;1m[31;1m[36;1m[31;1m[36;1m[31;1m[36;1m[31;1m[36;1m[31;1m[36;1m[31;1m[36;1m[31;1m[36;1m[31;1m[36;1m[31;1m[36;1m[31;1m[36;1m[31;1m[36;1m[31;1m[36;1m[31;1m[36;1m[31;1m[36;1m[31;1m[36;1m     | [31;1m~ The Try statement is missing its Catch or Finally block.  At[0m
[31;1m[0m[36;1m[36;1m[0m[36;1m[0m[36;1m[31;1m[31;1m[36;1m[31;1m[36;1m[31;1m[36;1m[31;1m[36;1m[31;1m[36;1m[31;1m[36;1m[31;1m[36;1m[31;1m[36;1m[31;1m[36;1m[31;1m[36;1m[31;1m[36;1m[31;1m[36;1m[31;1m[36;1m[31;1m[36;1m[31;1m[36;1m[31;1m[36;1m[31;1m[36;1m     | [31;1mC:\Users\Maitray\Desktop\448Plumbing\448 Plumbing website\seo-enhance.ps1:36 char:24[0m
[31;1m[0m[36;1m[36;1m[0m[36;1m[0m[36;1m[31;1m[31;1m[36;1m[31;1m[36;1m[31;1m[36;1m[31;1m[36;1m[31;1m[36;1m[31;1m[36;1m[31;1m[36;1m[31;1m[36;1m[31;1m[36;1m[31;1m[36;1m[31;1m[36;1m[31;1m[36;1m[31;1m[36;1m[31;1m[36;1m[31;1m[36;1m[31;1m[36;1m[31;1m[36;1m[31;1m[36;1m     | [31;1m+ foreach ($f in $files) { +                        ~ Missing closing '}' in[0m
[31;1m[0m[36;1m[36;1m[0m[36;1m[0m[36;1m[31;1m[31;1m[36;1m[31;1m[36;1m[31;1m[36;1m[31;1m[36;1m[31;1m[36;1m[31;1m[36;1m[31;1m[36;1m[31;1m[36;1m[31;1m[36;1m[31;1m[36;1m[31;1m[36;1m[31;1m[36;1m[31;1m[36;1m[31;1m[36;1m[31;1m[36;1m[31;1m[36;1m[31;1m[36;1m[31;1m[36;1m[31;1m[36;1m     | [31;1mstatement block or type definition.[0m
