==> SEO enhance
[2025-12-24 02:05:41Z][INFO] Report written: C:\Users\Maitray\Desktop\448Plumbing\448 Plumbing website\seo-report.json
[2025-12-24 02:05:41Z][INFO] Processed 0 page directories.
? SEO enhance completed
==> Site audit & fix
[2025-12-24 02:06:05Z][INFO] Audit report written: C:\Users\Maitray\Desktop\448Plumbing\448 Plumbing website\site-audit-report.json
[2025-12-24 02:06:05Z][INFO] Audited 580 HTML files.
::notice::Audit complete. Files=580, Issues=1127
? Site audit & fix completed
==> Build
[build] Root: C:\Users\Maitray\Desktop\448Plumbing\448 Plumbing website
[build] Dist: C:\Users\Maitray\Desktop\448Plumbing\448 Plumbing website\dist
[build] Collecting files to copy...
[build] Found 697 files to copy before filtering.
[build] After excluding /desktop-site, 50 files remain.
[build] Wrote CNAME => www.yoursite.com
[build] Minifying CSS and JS files...
[build] Cleaning HTML files...
[build] Generating sitemap.xml with base URL: https://www.yoursite.com
[build] Wrote sitemap.xml to C:\Users\Maitray\Desktop\448Plumbing\448 Plumbing website\dist\sitemap.xml
[build] Creating ZIP: C:\Users\Maitray\Desktop\448Plumbing\448 Plumbing website\site-dist-20251224-020622.zip
[build] ZIP created: C:\Users\Maitray\Desktop\448Plumbing\448 Plumbing website\site-dist-20251224-020622.zip
[build] Build finished.
? Build completed
All steps completed successfully.
