[31;1mInvoke-Step: [0mC:\Users\Maitray\Desktop\448Plumbing\448 Plumbing website\optimize-and-build.ps1:47:5[0m
[31;1m[0m[36;1mLine |[0m
[31;1m[0m[36;1m[36;1m  47 | [0m     [36;1mInvoke-Step "Site audit" { & $auditScript -Root $Root -FixMode:$t[0m .[0m
[31;1m[0m[36;1m[36;1m[0m[36;1m[0m[36;1m     | [31;1m     ~~~~~~~~~~~~~~~~~~~~~~~~~~~~~~~~~~~~~~~~~~~~~~~~~~~~~~~~~~~~~~~~~[0m
[31;1m[0m[36;1m[36;1m[0m[36;1m[0m[36;1m[31;1m[31;1m[36;1m     | [31;1mStep 'Site audit' failed: At C:\Users\Maitray\Desktop\448Plumbing\448 Plumbing[0m
[31;1m[0m[36;1m[36;1m[0m[36;1m[0m[36;1m[31;1m[31;1m[36;1m[31;1m[36;1m     | [31;1mwebsite\site-audit.ps1:39 char:47 +         if ($html -notmatch[0m
[31;1m[0m[36;1m[36;1m[0m[36;1m[0m[36;1m[31;1m[31;1m[36;1m[31;1m[36;1m[31;1m[36;1m     | [31;1m"<meta[^>]+name=\"description\"[^>]*>") { +                                         [0m
[31;1m[0m[36;1m[36;1m[0m[36;1m[0m[36;1m[31;1m[31;1m[36;1m[31;1m[36;1m[31;1m[36;1m[31;1m[36;1m     | [31;1m~~~~~~~~~~~~~~~~~~~~ Unexpected token 'description\"[^>]*>"' in expression or[0m
[31;1m[0m[36;1m[36;1m[0m[36;1m[0m[36;1m[31;1m[31;1m[36;1m[31;1m[36;1m[31;1m[36;1m[31;1m[36;1m[31;1m[36;1m     | [31;1mstatement.  At C:\Users\Maitray\Desktop\448Plumbing\448 Plumbing[0m
[31;1m[0m[36;1m[36;1m[0m[36;1m[0m[36;1m[31;1m[31;1m[36;1m[31;1m[36;1m[31;1m[36;1m[31;1m[36;1m[31;1m[36;1m[31;1m[36;1m     | [31;1mwebsite\site-audit.ps1:39 char:47 +         if ($html -notmatch[0m
[31;1m[0m[36;1m[36;1m[0m[36;1m[0m[36;1m[31;1m[31;1m[36;1m[31;1m[36;1m[31;1m[36;1m[31;1m[36;1m[31;1m[36;1m[31;1m[36;1m[31;1m[36;1m     | [31;1m"<meta[^>]+name=\"description\"[^>]*>") { +                                         [0m
[31;1m[0m[36;1m[36;1m[0m[36;1m[0m[36;1m[31;1m[31;1m[36;1m[31;1m[36;1m[31;1m[36;1m[31;1m[36;1m[31;1m[36;1m[31;1m[36;1m[31;1m[36;1m[31;1m[36;1m     | [31;1m~~~~~~~~~~~~~~~~~~~~ Missing closing ')' after expression in 'if' statement.  At[0m
[31;1m[0m[36;1m[36;1m[0m[36;1m[0m[36;1m[31;1m[31;1m[36;1m[31;1m[36;1m[31;1m[36;1m[31;1m[36;1m[31;1m[36;1m[31;1m[36;1m[31;1m[36;1m[31;1m[36;1m[31;1m[36;1m     | [31;1mC:\Users\Maitray\Desktop\448Plumbing\448 Plumbing website\site-audit.ps1:33 char:9 +[0m
[31;1m[0m[36;1m[36;1m[0m[36;1m[0m[36;1m[31;1m[31;1m[36;1m[31;1m[36;1m[31;1m[36;1m[31;1m[36;1m[31;1m[36;1m[31;1m[36;1m[31;1m[36;1m[31;1m[36;1m[31;1m[36;1m[31;1m[36;1m     | [31;1mtry { +         ~ Missing closing '}' in statement block or type definition.  At[0m
[31;1m[0m[36;1m[36;1m[0m[36;1m[0m[36;1m[31;1m[31;1m[36;1m[31;1m[36;1m[31;1m[36;1m[31;1m[36;1m[31;1m[36;1m[31;1m[36;1m[31;1m[36;1m[31;1m[36;1m[31;1m[36;1m[31;1m[36;1m[31;1m[36;1m     | [31;1mC:\Users\Maitray\Desktop\448Plumbing\448 Plumbing website\site-audit.ps1:39 char:67[0m
[31;1m[0m[36;1m[36;1m[0m[36;1m[0m[36;1m[31;1m[31;1m[36;1m[31;1m[36;1m[31;1m[36;1m[31;1m[36;1m[31;1m[36;1m[31;1m[36;1m[31;1m[36;1m[31;1m[36;1m[31;1m[36;1m[31;1m[36;1m[31;1m[36;1m[31;1m[36;1m     | [31;1m+         if ($html -notmatch "<meta[^>]+name=\"description\"[^>]*>") { +           [0m
[31;1m[0m[36;1m[36;1m[0m[36;1m[0m[36;1m[31;1m[31;1m[36;1m[31;1m[36;1m[31;1m[36;1m[31;1m[36;1m[31;1m[36;1m[31;1m[36;1m[31;1m[36;1m[31;1m[36;1m[31;1m[36;1m[31;1m[36;1m[31;1m[36;1m[31;1m[36;1m[31;1m[36;1m     | [31;1m~ The Try statement is missing its Catch or Finally block.  At[0m
[31;1m[0m[36;1m[36;1m[0m[36;1m[0m[36;1m[31;1m[31;1m[36;1m[31;1m[36;1m[31;1m[36;1m[31;1m[36;1m[31;1m[36;1m[31;1m[36;1m[31;1m[36;1m[31;1m[36;1m[31;1m[36;1m[31;1m[36;1m[31;1m[36;1m[31;1m[36;1m[31;1m[36;1m[31;1m[36;1m     | [31;1mC:\Users\Maitray\Desktop\448Plumbing\448 Plumbing website\site-audit.ps1:26 char:24[0m
[31;1m[0m[36;1m[36;1m[0m[36;1m[0m[36;1m[31;1m[31;1m[36;1m[31;1m[36;1m[31;1m[36;1m[31;1m[36;1m[31;1m[36;1m[31;1m[36;1m[31;1m[36;1m[31;1m[36;1m[31;1m[36;1m[31;1m[36;1m[31;1m[36;1m[31;1m[36;1m[31;1m[36;1m[31;1m[36;1m[31;1m[36;1m     | [31;1m+ foreach ($f in $files) { +                        ~ Missing closing '}' in[0m
[31;1m[0m[36;1m[36;1m[0m[36;1m[0m[36;1m[31;1m[31;1m[36;1m[31;1m[36;1m[31;1m[36;1m[31;1m[36;1m[31;1m[36;1m[31;1m[36;1m[31;1m[36;1m[31;1m[36;1m[31;1m[36;1m[31;1m[36;1m[31;1m[36;1m[31;1m[36;1m[31;1m[36;1m[31;1m[36;1m[31;1m[36;1m[31;1m[36;1m     | [31;1mstatement block or type definition.  At C:\Users\Maitray\Desktop\448Plumbing\448[0m
[31;1m[0m[36;1m[36;1m[0m[36;1m[0m[36;1m[31;1m[31;1m[36;1m[31;1m[36;1m[31;1m[36;1m[31;1m[36;1m[31;1m[36;1m[31;1m[36;1m[31;1m[36;1m[31;1m[36;1m[31;1m[36;1m[31;1m[36;1m[31;1m[36;1m[31;1m[36;1m[31;1m[36;1m[31;1m[36;1m[31;1m[36;1m[31;1m[36;1m[31;1m[36;1m     | [31;1mPlumbing website\site-audit.ps1:39 char:67 +         if ($html -notmatch[0m
[31;1m[0m[36;1m[36;1m[0m[36;1m[0m[36;1m[31;1m[31;1m[36;1m[31;1m[36;1m[31;1m[36;1m[31;1m[36;1m[31;1m[36;1m[31;1m[36;1m[31;1m[36;1m[31;1m[36;1m[31;1m[36;1m[31;1m[36;1m[31;1m[36;1m[31;1m[36;1m[31;1m[36;1m[31;1m[36;1m[31;1m[36;1m[31;1m[36;1m[31;1m[36;1m[31;1m[36;1m     | [31;1m"<meta[^>]+name=\"description\"[^>]*>") { +                                         [0m
[31;1m[0m[36;1m[36;1m[0m[36;1m[0m[36;1m[31;1m[31;1m[36;1m[31;1m[36;1m[31;1m[36;1m[31;1m[36;1m[31;1m[36;1m[31;1m[36;1m[31;1m[36;1m[31;1m[36;1m[31;1m[36;1m[31;1m[36;1m[31;1m[36;1m[31;1m[36;1m[31;1m[36;1m[31;1m[36;1m[31;1m[36;1m[31;1m[36;1m[31;1m[36;1m[31;1m[36;1m[31;1m[36;1m     | [31;1m~ Unexpected token ')' in expression or statement.  At[0m
[31;1m[0m[36;1m[36;1m[0m[36;1m[0m[36;1m[31;1m[31;1m[36;1m[31;1m[36;1m[31;1m[36;1m[31;1m[36;1m[31;1m[36;1m[31;1m[36;1m[31;1m[36;1m[31;1m[36;1m[31;1m[36;1m[31;1m[36;1m[31;1m[36;1m[31;1m[36;1m[31;1m[36;1m[31;1m[36;1m[31;1m[36;1m[31;1m[36;1m[31;1m[36;1m[31;1m[36;1m[31;1m[36;1m[31;1m[36;1m     | [31;1mC:\Users\Maitray\Desktop\448Plumbing\448 Plumbing website\site-audit.ps1:59 char:5 +[0m
[31;1m[0m[36;1m[36;1m[0m[36;1m[0m[36;1m[31;1m[31;1m[36;1m[31;1m[36;1m[31;1m[36;1m[31;1m[36;1m[31;1m[36;1m[31;1m[36;1m[31;1m[36;1m[31;1m[36;1m[31;1m[36;1m[31;1m[36;1m[31;1m[36;1m[31;1m[36;1m[31;1m[36;1m[31;1m[36;1m[31;1m[36;1m[31;1m[36;1m[31;1m[36;1m[31;1m[36;1m[31;1m[36;1m[31;1m[36;1m[31;1m[36;1m     | [31;1m} catch { +     ~ Unexpected token '}' in expression or statement.  At[0m
[31;1m[0m[36;1m[36;1m[0m[36;1m[0m[36;1m[31;1m[31;1m[36;1m[31;1m[36;1m[31;1m[36;1m[31;1m[36;1m[31;1m[36;1m[31;1m[36;1m[31;1m[36;1m[31;1m[36;1m[31;1m[36;1m[31;1m[36;1m[31;1m[36;1m[31;1m[36;1m[31;1m[36;1m[31;1m[36;1m[31;1m[36;1m[31;1m[36;1m[31;1m[36;1m[31;1m[36;1m[31;1m[36;1m[31;1m[36;1m[31;1m[36;1m[31;1m[36;1m     | [31;1mC:\Users\Maitray\Desktop\448Plumbing\448 Plumbing website\site-audit.ps1:69 char:1 +[0m
[31;1m[0m[36;1m[36;1m[0m[36;1m[0m[36;1m[31;1m[31;1m[36;1m[31;1m[36;1m[31;1m[36;1m[31;1m[36;1m[31;1m[36;1m[31;1m[36;1m[31;1m[36;1m[31;1m[36;1m[31;1m[36;1m[31;1m[36;1m[31;1m[36;1m[31;1m[36;1m[31;1m[36;1m[31;1m[36;1m[31;1m[36;1m[31;1m[36;1m[31;1m[36;1m[31;1m[36;1m[31;1m[36;1m[31;1m[36;1m[31;1m[36;1m[31;1m[36;1m[31;1m[36;1m     | [31;1m} + ~ Unexpected token '}' in expression or statement.[0m
